 
****************************************
Report : constraint
        -all_violators
Design : mesi_isc
Version: L-2016.03-SP3
Date   : Wed Dec  4 11:27:25 2024
****************************************


   max_delay/setup ('clk' group)

                             Required        Actual
   Endpoint                 Path Delay     Path Delay        Slack
   -----------------------------------------------------------------
   mesi_isc_breq_fifos/fifo_0/data_o_reg_10_/D
                                0.96           1.00 r        -0.04  (VIOLATED)
   mesi_isc_breq_fifos/fifo_0/data_o_reg_12_/D
                                0.96           1.00 r        -0.04  (VIOLATED)
   mesi_isc_breq_fifos/fifo_0/data_o_reg_13_/D
                                0.96           1.00 r        -0.04  (VIOLATED)
   mesi_isc_breq_fifos/fifo_0/data_o_reg_14_/D
                                0.96           1.00 r        -0.04  (VIOLATED)
   mesi_isc_breq_fifos/fifo_0/data_o_reg_16_/D
                                0.96           1.00 r        -0.04  (VIOLATED)
   mesi_isc_breq_fifos/fifo_0/data_o_reg_20_/D
                                0.96           1.00 r        -0.04  (VIOLATED)
   mesi_isc_breq_fifos/fifo_0/data_o_reg_21_/D
                                0.96           1.00 r        -0.04  (VIOLATED)
   mesi_isc_breq_fifos/fifo_0/data_o_reg_24_/D
                                0.96           1.00 r        -0.04  (VIOLATED)
   mesi_isc_breq_fifos/fifo_0/data_o_reg_25_/D
                                0.96           1.00 r        -0.04  (VIOLATED)
   mesi_isc_breq_fifos/fifo_0/data_o_reg_32_/D
                                0.96           1.00 r        -0.04  (VIOLATED)
   mesi_isc_breq_fifos/fifo_0/data_o_reg_22_/D
                                0.96           1.00 r        -0.04  (VIOLATED)
   mesi_isc_breq_fifos/fifo_0/data_o_reg_30_/D
                                0.96           1.00 r        -0.04  (VIOLATED)
   mesi_isc_breq_fifos/fifo_0/data_o_reg_40_/D
                                0.96           1.00 r        -0.04  (VIOLATED)
   mesi_isc_breq_fifos/fifo_0/data_o_reg_34_/D
                                0.96           1.00 r        -0.04  (VIOLATED)
   mesi_isc_breq_fifos/fifo_2/data_o_reg_9_/D
                                0.96           1.00 r        -0.04  (VIOLATED)
   mesi_isc_breq_fifos/fifo_2/data_o_reg_11_/D
                                0.96           1.00 r        -0.04  (VIOLATED)
   mesi_isc_breq_fifos/fifo_2/data_o_reg_13_/D
                                0.96           1.00 r        -0.04  (VIOLATED)
   mesi_isc_breq_fifos/fifo_2/data_o_reg_16_/D
                                0.96           1.00 r        -0.04  (VIOLATED)
   mesi_isc_breq_fifos/fifo_2/data_o_reg_19_/D
                                0.96           1.00 r        -0.04  (VIOLATED)
   mesi_isc_breq_fifos/fifo_2/data_o_reg_22_/D
                                0.96           1.00 r        -0.04  (VIOLATED)
   mesi_isc_breq_fifos/fifo_2/data_o_reg_25_/D
                                0.96           1.00 r        -0.04  (VIOLATED)
   mesi_isc_breq_fifos/fifo_2/data_o_reg_28_/D
                                0.96           1.00 r        -0.04  (VIOLATED)
   mesi_isc_breq_fifos/fifo_2/data_o_reg_31_/D
                                0.96           1.00 r        -0.04  (VIOLATED)
   mesi_isc_breq_fifos/fifo_2/data_o_reg_34_/D
                                0.96           1.00 r        -0.04  (VIOLATED)
   mesi_isc_breq_fifos/fifo_2/data_o_reg_37_/D
                                0.96           1.00 r        -0.04  (VIOLATED)
   mesi_isc_breq_fifos/fifo_2/data_o_reg_39_/D
                                0.96           1.00 r        -0.04  (VIOLATED)
   mesi_isc_breq_fifos/fifo_0/data_o_reg_26_/D
                                0.97           1.01 f        -0.04  (VIOLATED)
   mesi_isc_breq_fifos/fifo_0/data_o_reg_38_/D
                                0.97           1.01 f        -0.04  (VIOLATED)
   mesi_isc_broad/broad_fifo/entry_reg_1__6_/D
                                0.96           1.00 r        -0.04  (VIOLATED)
   mesi_isc_broad/broad_fifo/entry_reg_1__5_/D
                                0.96           1.00 r        -0.04  (VIOLATED)
   mesi_isc_broad/broad_fifo/entry_reg_1__7_/D
                                0.96           1.00 r        -0.04  (VIOLATED)
   mesi_isc_broad/broad_fifo/entry_reg_1__8_/D
                                0.96           1.00 r        -0.04  (VIOLATED)
   mesi_isc_broad/broad_fifo/entry_reg_1__9_/D
                                0.96           1.00 r        -0.04  (VIOLATED)
   mesi_isc_broad/broad_fifo/entry_reg_1__10_/D
                                0.96           1.00 r        -0.04  (VIOLATED)
   mesi_isc_broad/broad_fifo/entry_reg_1__11_/D
                                0.96           1.00 r        -0.04  (VIOLATED)
   mesi_isc_broad/broad_fifo/entry_reg_1__12_/D
                                0.96           1.00 r        -0.04  (VIOLATED)
   mesi_isc_broad/broad_fifo/entry_reg_1__13_/D
                                0.96           1.00 r        -0.04  (VIOLATED)
   mesi_isc_broad/broad_fifo/entry_reg_1__14_/D
                                0.96           1.00 r        -0.04  (VIOLATED)
   mesi_isc_broad/broad_fifo/entry_reg_1__15_/D
                                0.96           1.00 r        -0.04  (VIOLATED)
   mesi_isc_broad/broad_fifo/entry_reg_1__16_/D
                                0.96           1.00 r        -0.04  (VIOLATED)
   mesi_isc_broad/broad_fifo/entry_reg_1__17_/D
                                0.96           1.00 r        -0.04  (VIOLATED)
   mesi_isc_broad/broad_fifo/entry_reg_1__18_/D
                                0.96           1.00 r        -0.04  (VIOLATED)
   mesi_isc_broad/broad_fifo/entry_reg_1__19_/D
                                0.96           1.00 r        -0.04  (VIOLATED)
   mesi_isc_broad/broad_fifo/entry_reg_1__20_/D
                                0.96           1.00 r        -0.04  (VIOLATED)
   mesi_isc_broad/broad_fifo/entry_reg_1__21_/D
                                0.96           1.00 r        -0.04  (VIOLATED)
   mesi_isc_broad/broad_fifo/entry_reg_1__22_/D
                                0.96           1.00 r        -0.04  (VIOLATED)
   mesi_isc_broad/broad_fifo/entry_reg_1__23_/D
                                0.96           1.00 r        -0.04  (VIOLATED)
   mesi_isc_broad/broad_fifo/entry_reg_1__24_/D
                                0.96           1.00 r        -0.04  (VIOLATED)
   mesi_isc_broad/broad_fifo/entry_reg_1__25_/D
                                0.96           1.00 r        -0.04  (VIOLATED)
   mesi_isc_broad/broad_fifo/entry_reg_1__26_/D
                                0.96           1.00 r        -0.04  (VIOLATED)
   mesi_isc_broad/broad_fifo/entry_reg_1__27_/D
                                0.96           1.00 r        -0.04  (VIOLATED)
   mesi_isc_broad/broad_fifo/entry_reg_1__28_/D
                                0.96           1.00 r        -0.04  (VIOLATED)
   mesi_isc_broad/broad_fifo/entry_reg_1__29_/D
                                0.96           1.00 r        -0.04  (VIOLATED)
   mesi_isc_broad/broad_fifo/entry_reg_1__30_/D
                                0.96           1.00 r        -0.04  (VIOLATED)
   mesi_isc_broad/broad_fifo/entry_reg_1__31_/D
                                0.96           1.00 r        -0.04  (VIOLATED)
   mesi_isc_broad/broad_fifo/entry_reg_1__32_/D
                                0.96           1.00 r        -0.04  (VIOLATED)
   mesi_isc_broad/broad_fifo/entry_reg_1__35_/D
                                0.96           1.00 r        -0.04  (VIOLATED)
   mesi_isc_broad/broad_fifo/entry_reg_1__36_/D
                                0.96           1.00 r        -0.04  (VIOLATED)
   mesi_isc_broad/broad_fifo/entry_reg_1__37_/D
                                0.96           1.00 r        -0.04  (VIOLATED)
   mesi_isc_broad/broad_fifo/entry_reg_1__38_/D
                                0.96           1.00 r        -0.04  (VIOLATED)
   mesi_isc_broad/broad_fifo/entry_reg_1__39_/D
                                0.96           1.00 r        -0.04  (VIOLATED)
   mesi_isc_broad/broad_fifo/entry_reg_1__40_/D
                                0.96           1.00 r        -0.04  (VIOLATED)
   mesi_isc_broad/broad_fifo/entry_reg_0__6_/D
                                0.96           1.00 r        -0.04  (VIOLATED)
   mesi_isc_broad/broad_fifo/entry_reg_2__6_/D
                                0.96           1.00 r        -0.04  (VIOLATED)
   mesi_isc_broad/broad_fifo/entry_reg_3__6_/D
                                0.96           1.00 r        -0.04  (VIOLATED)
   mesi_isc_broad/broad_fifo/entry_reg_0__5_/D
                                0.96           1.00 r        -0.04  (VIOLATED)
   mesi_isc_broad/broad_fifo/entry_reg_2__5_/D
                                0.96           1.00 r        -0.04  (VIOLATED)
   mesi_isc_broad/broad_fifo/entry_reg_3__5_/D
                                0.96           1.00 r        -0.04  (VIOLATED)
   mesi_isc_broad/broad_fifo/entry_reg_0__7_/D
                                0.96           1.00 r        -0.04  (VIOLATED)
   mesi_isc_broad/broad_fifo/entry_reg_0__8_/D
                                0.96           1.00 r        -0.04  (VIOLATED)
   mesi_isc_broad/broad_fifo/entry_reg_0__9_/D
                                0.96           1.00 r        -0.04  (VIOLATED)
   mesi_isc_broad/broad_fifo/entry_reg_0__10_/D
                                0.96           1.00 r        -0.04  (VIOLATED)
   mesi_isc_broad/broad_fifo/entry_reg_0__11_/D
                                0.96           1.00 r        -0.04  (VIOLATED)
   mesi_isc_broad/broad_fifo/entry_reg_0__12_/D
                                0.96           1.00 r        -0.04  (VIOLATED)
   mesi_isc_broad/broad_fifo/entry_reg_0__13_/D
                                0.96           1.00 r        -0.04  (VIOLATED)
   mesi_isc_broad/broad_fifo/entry_reg_0__14_/D
                                0.96           1.00 r        -0.04  (VIOLATED)
   mesi_isc_broad/broad_fifo/entry_reg_0__15_/D
                                0.96           1.00 r        -0.04  (VIOLATED)
   mesi_isc_broad/broad_fifo/entry_reg_0__16_/D
                                0.96           1.00 r        -0.04  (VIOLATED)
   mesi_isc_broad/broad_fifo/entry_reg_0__17_/D
                                0.96           1.00 r        -0.04  (VIOLATED)
   mesi_isc_broad/broad_fifo/entry_reg_0__18_/D
                                0.96           1.00 r        -0.04  (VIOLATED)
   mesi_isc_broad/broad_fifo/entry_reg_0__19_/D
                                0.96           1.00 r        -0.04  (VIOLATED)
   mesi_isc_broad/broad_fifo/entry_reg_0__20_/D
                                0.96           1.00 r        -0.04  (VIOLATED)
   mesi_isc_broad/broad_fifo/entry_reg_0__21_/D
                                0.96           1.00 r        -0.04  (VIOLATED)
   mesi_isc_broad/broad_fifo/entry_reg_0__22_/D
                                0.96           1.00 r        -0.04  (VIOLATED)
   mesi_isc_broad/broad_fifo/entry_reg_0__23_/D
                                0.96           1.00 r        -0.04  (VIOLATED)
   mesi_isc_broad/broad_fifo/entry_reg_0__24_/D
                                0.96           1.00 r        -0.04  (VIOLATED)
   mesi_isc_broad/broad_fifo/entry_reg_0__25_/D
                                0.96           1.00 r        -0.04  (VIOLATED)
   mesi_isc_broad/broad_fifo/entry_reg_0__26_/D
                                0.96           1.00 r        -0.04  (VIOLATED)
   mesi_isc_broad/broad_fifo/entry_reg_0__27_/D
                                0.96           1.00 r        -0.04  (VIOLATED)
   mesi_isc_broad/broad_fifo/entry_reg_0__28_/D
                                0.96           1.00 r        -0.04  (VIOLATED)
   mesi_isc_broad/broad_fifo/entry_reg_0__29_/D
                                0.96           1.00 r        -0.04  (VIOLATED)
   mesi_isc_broad/broad_fifo/entry_reg_0__30_/D
                                0.96           1.00 r        -0.04  (VIOLATED)
   mesi_isc_broad/broad_fifo/entry_reg_0__31_/D
                                0.96           1.00 r        -0.04  (VIOLATED)
   mesi_isc_broad/broad_fifo/entry_reg_0__32_/D
                                0.96           1.00 r        -0.04  (VIOLATED)
   mesi_isc_broad/broad_fifo/entry_reg_0__35_/D
                                0.96           1.00 r        -0.04  (VIOLATED)
   mesi_isc_broad/broad_fifo/entry_reg_0__36_/D
                                0.96           1.00 r        -0.04  (VIOLATED)
   mesi_isc_broad/broad_fifo/entry_reg_0__37_/D
                                0.96           1.00 r        -0.04  (VIOLATED)
   mesi_isc_broad/broad_fifo/entry_reg_0__38_/D
                                0.96           1.00 r        -0.04  (VIOLATED)
   mesi_isc_broad/broad_fifo/entry_reg_0__39_/D
                                0.96           1.00 r        -0.04  (VIOLATED)
   mesi_isc_broad/broad_fifo/entry_reg_0__40_/D
                                0.96           1.00 r        -0.04  (VIOLATED)
   mesi_isc_broad/broad_fifo/entry_reg_2__7_/D
                                0.96           1.00 r        -0.04  (VIOLATED)
   mesi_isc_broad/broad_fifo/entry_reg_2__8_/D
                                0.96           1.00 r        -0.04  (VIOLATED)
   mesi_isc_broad/broad_fifo/entry_reg_2__9_/D
                                0.96           1.00 r        -0.04  (VIOLATED)
   mesi_isc_broad/broad_fifo/entry_reg_2__10_/D
                                0.96           1.00 r        -0.04  (VIOLATED)
   mesi_isc_broad/broad_fifo/entry_reg_2__11_/D
                                0.96           1.00 r        -0.04  (VIOLATED)
   mesi_isc_broad/broad_fifo/entry_reg_2__12_/D
                                0.96           1.00 r        -0.04  (VIOLATED)
   mesi_isc_broad/broad_fifo/entry_reg_2__13_/D
                                0.96           1.00 r        -0.04  (VIOLATED)
   mesi_isc_broad/broad_fifo/entry_reg_2__14_/D
                                0.96           1.00 r        -0.04  (VIOLATED)
   mesi_isc_broad/broad_fifo/entry_reg_2__15_/D
                                0.96           1.00 r        -0.04  (VIOLATED)
   mesi_isc_broad/broad_fifo/entry_reg_2__16_/D
                                0.96           1.00 r        -0.04  (VIOLATED)
   mesi_isc_broad/broad_fifo/entry_reg_2__17_/D
                                0.96           1.00 r        -0.04  (VIOLATED)
   mesi_isc_broad/broad_fifo/entry_reg_2__18_/D
                                0.96           1.00 r        -0.04  (VIOLATED)
   mesi_isc_broad/broad_fifo/entry_reg_2__19_/D
                                0.96           1.00 r        -0.04  (VIOLATED)
   mesi_isc_broad/broad_fifo/entry_reg_2__20_/D
                                0.96           1.00 r        -0.04  (VIOLATED)
   mesi_isc_broad/broad_fifo/entry_reg_2__21_/D
                                0.96           1.00 r        -0.04  (VIOLATED)
   mesi_isc_broad/broad_fifo/entry_reg_2__22_/D
                                0.96           1.00 r        -0.04  (VIOLATED)
   mesi_isc_broad/broad_fifo/entry_reg_2__23_/D
                                0.96           1.00 r        -0.04  (VIOLATED)
   mesi_isc_broad/broad_fifo/entry_reg_2__24_/D
                                0.96           1.00 r        -0.04  (VIOLATED)
   mesi_isc_broad/broad_fifo/entry_reg_2__25_/D
                                0.96           1.00 r        -0.04  (VIOLATED)
   mesi_isc_broad/broad_fifo/entry_reg_2__26_/D
                                0.96           1.00 r        -0.04  (VIOLATED)
   mesi_isc_broad/broad_fifo/entry_reg_2__27_/D
                                0.96           1.00 r        -0.04  (VIOLATED)
   mesi_isc_broad/broad_fifo/entry_reg_2__28_/D
                                0.96           1.00 r        -0.04  (VIOLATED)
   mesi_isc_broad/broad_fifo/entry_reg_2__29_/D
                                0.96           1.00 r        -0.04  (VIOLATED)
   mesi_isc_broad/broad_fifo/entry_reg_2__30_/D
                                0.96           1.00 r        -0.04  (VIOLATED)
   mesi_isc_broad/broad_fifo/entry_reg_2__31_/D
                                0.96           1.00 r        -0.04  (VIOLATED)
   mesi_isc_broad/broad_fifo/entry_reg_2__32_/D
                                0.96           1.00 r        -0.04  (VIOLATED)
   mesi_isc_broad/broad_fifo/entry_reg_2__35_/D
                                0.96           1.00 r        -0.04  (VIOLATED)
   mesi_isc_broad/broad_fifo/entry_reg_2__36_/D
                                0.96           1.00 r        -0.04  (VIOLATED)
   mesi_isc_broad/broad_fifo/entry_reg_2__37_/D
                                0.96           1.00 r        -0.04  (VIOLATED)
   mesi_isc_broad/broad_fifo/entry_reg_2__38_/D
                                0.96           1.00 r        -0.04  (VIOLATED)
   mesi_isc_broad/broad_fifo/entry_reg_2__39_/D
                                0.96           1.00 r        -0.04  (VIOLATED)
   mesi_isc_broad/broad_fifo/entry_reg_2__40_/D
                                0.96           1.00 r        -0.04  (VIOLATED)
   mesi_isc_broad/broad_fifo/entry_reg_3__7_/D
                                0.96           1.00 r        -0.04  (VIOLATED)
   mesi_isc_broad/broad_fifo/entry_reg_3__8_/D
                                0.96           1.00 r        -0.04  (VIOLATED)
   mesi_isc_broad/broad_fifo/entry_reg_3__9_/D
                                0.96           1.00 r        -0.04  (VIOLATED)
   mesi_isc_broad/broad_fifo/entry_reg_3__10_/D
                                0.96           1.00 r        -0.04  (VIOLATED)
   mesi_isc_broad/broad_fifo/entry_reg_3__11_/D
                                0.96           1.00 r        -0.04  (VIOLATED)
   mesi_isc_broad/broad_fifo/entry_reg_3__12_/D
                                0.96           1.00 r        -0.04  (VIOLATED)
   mesi_isc_broad/broad_fifo/entry_reg_3__13_/D
                                0.96           1.00 r        -0.04  (VIOLATED)
   mesi_isc_broad/broad_fifo/entry_reg_3__14_/D
                                0.96           1.00 r        -0.04  (VIOLATED)
   mesi_isc_broad/broad_fifo/entry_reg_3__15_/D
                                0.96           1.00 r        -0.04  (VIOLATED)
   mesi_isc_broad/broad_fifo/entry_reg_3__16_/D
                                0.96           1.00 r        -0.04  (VIOLATED)
   mesi_isc_broad/broad_fifo/entry_reg_3__17_/D
                                0.96           1.00 r        -0.04  (VIOLATED)
   mesi_isc_broad/broad_fifo/entry_reg_3__18_/D
                                0.96           1.00 r        -0.04  (VIOLATED)
   mesi_isc_broad/broad_fifo/entry_reg_3__19_/D
                                0.96           1.00 r        -0.04  (VIOLATED)
   mesi_isc_broad/broad_fifo/entry_reg_3__20_/D
                                0.96           1.00 r        -0.04  (VIOLATED)
   mesi_isc_broad/broad_fifo/entry_reg_3__21_/D
                                0.96           1.00 r        -0.04  (VIOLATED)
   mesi_isc_broad/broad_fifo/entry_reg_3__22_/D
                                0.96           1.00 r        -0.04  (VIOLATED)
   mesi_isc_broad/broad_fifo/entry_reg_3__23_/D
                                0.96           1.00 r        -0.04  (VIOLATED)
   mesi_isc_broad/broad_fifo/entry_reg_3__24_/D
                                0.96           1.00 r        -0.04  (VIOLATED)
   mesi_isc_broad/broad_fifo/entry_reg_3__25_/D
                                0.96           1.00 r        -0.04  (VIOLATED)
   mesi_isc_broad/broad_fifo/entry_reg_3__26_/D
                                0.96           1.00 r        -0.04  (VIOLATED)
   mesi_isc_broad/broad_fifo/entry_reg_3__27_/D
                                0.96           1.00 r        -0.04  (VIOLATED)
   mesi_isc_broad/broad_fifo/entry_reg_3__28_/D
                                0.96           1.00 r        -0.04  (VIOLATED)
   mesi_isc_broad/broad_fifo/entry_reg_3__29_/D
                                0.96           1.00 r        -0.04  (VIOLATED)
   mesi_isc_broad/broad_fifo/entry_reg_3__30_/D
                                0.96           1.00 r        -0.04  (VIOLATED)
   mesi_isc_broad/broad_fifo/entry_reg_3__31_/D
                                0.96           1.00 r        -0.04  (VIOLATED)
   mesi_isc_broad/broad_fifo/entry_reg_3__32_/D
                                0.96           1.00 r        -0.04  (VIOLATED)
   mesi_isc_broad/broad_fifo/entry_reg_3__35_/D
                                0.96           1.00 r        -0.04  (VIOLATED)
   mesi_isc_broad/broad_fifo/entry_reg_3__36_/D
                                0.96           1.00 r        -0.04  (VIOLATED)
   mesi_isc_broad/broad_fifo/entry_reg_3__37_/D
                                0.96           1.00 r        -0.04  (VIOLATED)
   mesi_isc_broad/broad_fifo/entry_reg_3__38_/D
                                0.96           1.00 r        -0.04  (VIOLATED)
   mesi_isc_broad/broad_fifo/entry_reg_3__39_/D
                                0.96           1.00 r        -0.04  (VIOLATED)
   mesi_isc_broad/broad_fifo/entry_reg_3__40_/D
                                0.96           1.00 r        -0.04  (VIOLATED)
   mesi_isc_broad/broad_fifo/entry_reg_1__33_/D
                                0.96           1.00 r        -0.04  (VIOLATED)
   mesi_isc_broad/broad_fifo/entry_reg_1__34_/D
                                0.96           1.00 r        -0.04  (VIOLATED)
   mesi_isc_breq_fifos/fifo_2/data_o_reg_8_/D
                                0.96           1.00 r        -0.04  (VIOLATED)
   mesi_isc_breq_fifos/fifo_2/data_o_reg_10_/D
                                0.96           1.00 r        -0.04  (VIOLATED)
   mesi_isc_breq_fifos/fifo_2/data_o_reg_12_/D
                                0.96           1.00 r        -0.04  (VIOLATED)
   mesi_isc_breq_fifos/fifo_2/data_o_reg_14_/D
                                0.96           1.00 r        -0.04  (VIOLATED)
   mesi_isc_breq_fifos/fifo_2/data_o_reg_17_/D
                                0.96           1.00 r        -0.04  (VIOLATED)
   mesi_isc_breq_fifos/fifo_2/data_o_reg_20_/D
                                0.96           1.00 r        -0.04  (VIOLATED)
   mesi_isc_breq_fifos/fifo_2/data_o_reg_23_/D
                                0.96           1.00 r        -0.04  (VIOLATED)
   mesi_isc_breq_fifos/fifo_2/data_o_reg_26_/D
                                0.96           1.00 r        -0.04  (VIOLATED)
   mesi_isc_breq_fifos/fifo_2/data_o_reg_29_/D
                                0.96           1.00 r        -0.04  (VIOLATED)
   mesi_isc_breq_fifos/fifo_2/data_o_reg_32_/D
                                0.96           1.00 r        -0.04  (VIOLATED)
   mesi_isc_breq_fifos/fifo_2/data_o_reg_35_/D
                                0.96           1.00 r        -0.04  (VIOLATED)
   mesi_isc_breq_fifos/fifo_2/data_o_reg_38_/D
                                0.96           1.00 r        -0.04  (VIOLATED)
   mesi_isc_breq_fifos/fifo_0/data_o_reg_17_/D
                                0.96           1.00 r        -0.04  (VIOLATED)
   mesi_isc_breq_fifos/fifo_0/data_o_reg_23_/D
                                0.96           1.00 r        -0.04  (VIOLATED)
   mesi_isc_breq_fifos/fifo_0/data_o_reg_31_/D
                                0.96           1.00 r        -0.04  (VIOLATED)
   mesi_isc_broad/broad_fifo/entry_reg_0__33_/D
                                0.96           1.00 r        -0.04  (VIOLATED)
   mesi_isc_broad/broad_fifo/entry_reg_0__34_/D
                                0.96           1.00 r        -0.04  (VIOLATED)
   mesi_isc_broad/broad_fifo/entry_reg_2__33_/D
                                0.96           1.00 r        -0.04  (VIOLATED)
   mesi_isc_broad/broad_fifo/entry_reg_2__34_/D
                                0.96           1.00 r        -0.04  (VIOLATED)
   mesi_isc_broad/broad_fifo/entry_reg_3__33_/D
                                0.96           1.00 r        -0.04  (VIOLATED)
   mesi_isc_broad/broad_fifo/entry_reg_3__34_/D
                                0.96           1.00 r        -0.04  (VIOLATED)
   mesi_isc_breq_fifos/fifo_3/data_o_reg_9_/D
                                0.96           0.99 r        -0.04  (VIOLATED)
   mesi_isc_breq_fifos/fifo_3/data_o_reg_10_/D
                                0.96           0.99 r        -0.04  (VIOLATED)
   mesi_isc_breq_fifos/fifo_3/data_o_reg_11_/D
                                0.96           0.99 r        -0.04  (VIOLATED)
   mesi_isc_breq_fifos/fifo_3/data_o_reg_12_/D
                                0.96           0.99 r        -0.04  (VIOLATED)
   mesi_isc_breq_fifos/fifo_3/data_o_reg_17_/D
                                0.96           0.99 r        -0.04  (VIOLATED)
   mesi_isc_breq_fifos/fifo_3/data_o_reg_18_/D
                                0.96           0.99 r        -0.04  (VIOLATED)
   mesi_isc_breq_fifos/fifo_3/data_o_reg_20_/D
                                0.96           0.99 r        -0.04  (VIOLATED)
   mesi_isc_breq_fifos/fifo_3/data_o_reg_21_/D
                                0.96           0.99 r        -0.04  (VIOLATED)
   mesi_isc_breq_fifos/fifo_3/data_o_reg_22_/D
                                0.96           0.99 r        -0.04  (VIOLATED)
   mesi_isc_breq_fifos/fifo_3/data_o_reg_26_/D
                                0.96           0.99 r        -0.04  (VIOLATED)
   mesi_isc_breq_fifos/fifo_3/data_o_reg_29_/D
                                0.96           0.99 r        -0.04  (VIOLATED)
   mesi_isc_breq_fifos/fifo_3/data_o_reg_30_/D
                                0.96           0.99 r        -0.04  (VIOLATED)
   mesi_isc_breq_fifos/fifo_3/data_o_reg_32_/D
                                0.96           0.99 r        -0.04  (VIOLATED)
   mesi_isc_breq_fifos/fifo_3/data_o_reg_34_/D
                                0.96           0.99 r        -0.04  (VIOLATED)
   mesi_isc_breq_fifos/fifo_3/data_o_reg_38_/D
                                0.96           0.99 r        -0.04  (VIOLATED)
   mesi_isc_breq_fifos/fifo_2/data_o_reg_15_/D
                                0.96           0.99 r        -0.04  (VIOLATED)
   mesi_isc_breq_fifos/fifo_3/data_o_reg_8_/D
                                0.96           0.99 r        -0.04  (VIOLATED)
   mesi_isc_breq_fifos/fifo_3/data_o_reg_13_/D
                                0.96           0.99 r        -0.04  (VIOLATED)
   mesi_isc_breq_fifos/fifo_3/data_o_reg_14_/D
                                0.96           0.99 r        -0.04  (VIOLATED)
   mesi_isc_breq_fifos/fifo_3/data_o_reg_15_/D
                                0.96           0.99 r        -0.04  (VIOLATED)
   mesi_isc_breq_fifos/fifo_3/data_o_reg_16_/D
                                0.96           0.99 r        -0.04  (VIOLATED)
   mesi_isc_breq_fifos/fifo_3/data_o_reg_19_/D
                                0.96           0.99 r        -0.04  (VIOLATED)
   mesi_isc_breq_fifos/fifo_3/data_o_reg_23_/D
                                0.96           0.99 r        -0.04  (VIOLATED)
   mesi_isc_breq_fifos/fifo_3/data_o_reg_24_/D
                                0.96           0.99 r        -0.04  (VIOLATED)
   mesi_isc_breq_fifos/fifo_3/data_o_reg_25_/D
                                0.96           0.99 r        -0.04  (VIOLATED)
   mesi_isc_breq_fifos/fifo_3/data_o_reg_27_/D
                                0.96           0.99 r        -0.04  (VIOLATED)
   mesi_isc_breq_fifos/fifo_3/data_o_reg_28_/D
                                0.96           0.99 r        -0.04  (VIOLATED)
   mesi_isc_breq_fifos/fifo_3/data_o_reg_31_/D
                                0.96           0.99 r        -0.04  (VIOLATED)
   mesi_isc_breq_fifos/fifo_3/data_o_reg_33_/D
                                0.96           0.99 r        -0.04  (VIOLATED)
   mesi_isc_breq_fifos/fifo_3/data_o_reg_36_/D
                                0.96           0.99 r        -0.04  (VIOLATED)
   mesi_isc_breq_fifos/fifo_3/data_o_reg_37_/D
                                0.96           0.99 r        -0.04  (VIOLATED)
   mesi_isc_breq_fifos/fifo_3/data_o_reg_39_/D
                                0.96           0.99 r        -0.04  (VIOLATED)
   mesi_isc_breq_fifos/fifo_0/data_o_reg_11_/D
                                0.96           0.99 r        -0.04  (VIOLATED)
   mesi_isc_breq_fifos/fifo_2/data_o_reg_21_/D
                                0.96           0.99 r        -0.04  (VIOLATED)
   mesi_isc_breq_fifos/fifo_2/data_o_reg_27_/D
                                0.96           0.99 r        -0.04  (VIOLATED)
   mesi_isc_breq_fifos/fifo_2/data_o_reg_36_/D
                                0.96           0.99 r        -0.04  (VIOLATED)
   mesi_isc_breq_fifos/fifo_2/data_o_reg_18_/D
                                0.96           0.99 r        -0.04  (VIOLATED)
   mesi_isc_breq_fifos/fifo_2/data_o_reg_30_/D
                                0.96           0.99 r        -0.04  (VIOLATED)
   mesi_isc_breq_fifos/fifo_2/data_o_reg_33_/D
                                0.96           0.99 r        -0.04  (VIOLATED)
   mesi_isc_breq_fifos/fifo_1/data_o_reg_7_/D
                                0.97           1.01 f        -0.03  (VIOLATED)
   mesi_isc_breq_fifos/fifo_1/data_o_reg_37_/D
                                0.97           1.01 f        -0.03  (VIOLATED)
   mesi_isc_breq_fifos/fifo_1/data_o_reg_38_/D
                                0.97           1.01 f        -0.03  (VIOLATED)
   mesi_isc_breq_fifos/fifo_1/data_o_reg_40_/D
                                0.97           1.01 f        -0.03  (VIOLATED)
   mesi_isc_breq_fifos/fifo_3/data_o_reg_35_/D
                                0.97           1.00 r        -0.03  (VIOLATED)
   mesi_isc_breq_fifos/fifo_0/data_o_reg_7_/D
                                0.96           0.99 r        -0.03  (VIOLATED)
   mesi_isc_breq_fifos/fifo_1/data_o_reg_8_/D
                                0.96           0.99 r        -0.03  (VIOLATED)
   mesi_isc_breq_fifos/fifo_1/data_o_reg_9_/D
                                0.96           0.99 r        -0.03  (VIOLATED)
   mesi_isc_breq_fifos/fifo_1/data_o_reg_10_/D
                                0.96           0.99 r        -0.03  (VIOLATED)
   mesi_isc_breq_fifos/fifo_1/data_o_reg_11_/D
                                0.96           0.99 r        -0.03  (VIOLATED)
   mesi_isc_breq_fifos/fifo_1/data_o_reg_12_/D
                                0.96           0.99 r        -0.03  (VIOLATED)
   mesi_isc_breq_fifos/fifo_1/data_o_reg_13_/D
                                0.96           0.99 r        -0.03  (VIOLATED)
   mesi_isc_breq_fifos/fifo_1/data_o_reg_14_/D
                                0.96           0.99 r        -0.03  (VIOLATED)
   mesi_isc_breq_fifos/fifo_1/data_o_reg_15_/D
                                0.96           0.99 r        -0.03  (VIOLATED)
   mesi_isc_breq_fifos/fifo_1/data_o_reg_16_/D
                                0.96           0.99 r        -0.03  (VIOLATED)
   mesi_isc_breq_fifos/fifo_1/data_o_reg_17_/D
                                0.96           0.99 r        -0.03  (VIOLATED)
   mesi_isc_breq_fifos/fifo_1/data_o_reg_18_/D
                                0.96           0.99 r        -0.03  (VIOLATED)
   mesi_isc_breq_fifos/fifo_1/data_o_reg_19_/D
                                0.96           0.99 r        -0.03  (VIOLATED)
   mesi_isc_breq_fifos/fifo_1/data_o_reg_20_/D
                                0.96           0.99 r        -0.03  (VIOLATED)
   mesi_isc_breq_fifos/fifo_1/data_o_reg_21_/D
                                0.96           0.99 r        -0.03  (VIOLATED)
   mesi_isc_breq_fifos/fifo_1/data_o_reg_22_/D
                                0.96           0.99 r        -0.03  (VIOLATED)
   mesi_isc_breq_fifos/fifo_1/data_o_reg_23_/D
                                0.96           0.99 r        -0.03  (VIOLATED)
   mesi_isc_breq_fifos/fifo_1/data_o_reg_24_/D
                                0.96           0.99 r        -0.03  (VIOLATED)
   mesi_isc_breq_fifos/fifo_1/data_o_reg_25_/D
                                0.96           0.99 r        -0.03  (VIOLATED)
   mesi_isc_breq_fifos/fifo_1/data_o_reg_26_/D
                                0.96           0.99 r        -0.03  (VIOLATED)
   mesi_isc_breq_fifos/fifo_1/data_o_reg_27_/D
                                0.96           0.99 r        -0.03  (VIOLATED)
   mesi_isc_breq_fifos/fifo_1/data_o_reg_28_/D
                                0.96           0.99 r        -0.03  (VIOLATED)
   mesi_isc_breq_fifos/fifo_1/data_o_reg_29_/D
                                0.96           0.99 r        -0.03  (VIOLATED)
   mesi_isc_breq_fifos/fifo_1/data_o_reg_30_/D
                                0.96           0.99 r        -0.03  (VIOLATED)
   mesi_isc_breq_fifos/fifo_1/data_o_reg_31_/D
                                0.96           0.99 r        -0.03  (VIOLATED)
   mesi_isc_breq_fifos/fifo_1/data_o_reg_32_/D
                                0.96           0.99 r        -0.03  (VIOLATED)
   mesi_isc_breq_fifos/fifo_1/data_o_reg_33_/D
                                0.96           0.99 r        -0.03  (VIOLATED)
   mesi_isc_breq_fifos/fifo_1/data_o_reg_34_/D
                                0.96           0.99 r        -0.03  (VIOLATED)
   mesi_isc_breq_fifos/fifo_1/data_o_reg_35_/D
                                0.96           0.99 r        -0.03  (VIOLATED)
   mesi_isc_breq_fifos/fifo_1/data_o_reg_36_/D
                                0.96           0.99 r        -0.03  (VIOLATED)
   mesi_isc_breq_fifos/fifo_1/data_o_reg_39_/D
                                0.96           0.99 r        -0.03  (VIOLATED)
   mesi_isc_breq_fifos/fifo_3/data_o_reg_7_/D
                                0.96           0.99 r        -0.03  (VIOLATED)
   mesi_isc_broad/broad_fifo/data_o_reg_10_/D
                                0.97           1.00 f        -0.03  (VIOLATED)
   mesi_isc_broad/broad_fifo/data_o_reg_13_/D
                                0.97           1.00 f        -0.03  (VIOLATED)
   mesi_isc_broad/broad_fifo/data_o_reg_16_/D
                                0.97           1.00 f        -0.03  (VIOLATED)
   mesi_isc_broad/broad_fifo/data_o_reg_20_/D
                                0.97           1.00 f        -0.03  (VIOLATED)
   mesi_isc_broad/broad_fifo/data_o_reg_23_/D
                                0.97           1.00 f        -0.03  (VIOLATED)
   mesi_isc_broad/broad_fifo/data_o_reg_26_/D
                                0.97           1.00 f        -0.03  (VIOLATED)
   mesi_isc_broad/broad_fifo/data_o_reg_31_/D
                                0.97           1.00 f        -0.03  (VIOLATED)
   mesi_isc_broad/broad_fifo/data_o_reg_36_/D
                                0.97           1.00 f        -0.03  (VIOLATED)
   mesi_isc_broad/broad_fifo/data_o_reg_38_/D
                                0.97           1.00 f        -0.03  (VIOLATED)
   mesi_isc_broad/broad_fifo/data_o_reg_35_/D
                                0.97           1.00 f        -0.03  (VIOLATED)
   mesi_isc_broad/broad_fifo/data_o_reg_7_/D
                                0.97           1.00 f        -0.03  (VIOLATED)
   mesi_isc_broad/broad_fifo/data_o_reg_8_/D
                                0.97           1.00 f        -0.03  (VIOLATED)
   mesi_isc_broad/broad_fifo/data_o_reg_9_/D
                                0.97           1.00 f        -0.03  (VIOLATED)
   mesi_isc_broad/broad_fifo/data_o_reg_11_/D
                                0.97           1.00 f        -0.03  (VIOLATED)
   mesi_isc_broad/broad_fifo/data_o_reg_12_/D
                                0.97           1.00 f        -0.03  (VIOLATED)
   mesi_isc_broad/broad_fifo/data_o_reg_14_/D
                                0.97           1.00 f        -0.03  (VIOLATED)
   mesi_isc_broad/broad_fifo/data_o_reg_15_/D
                                0.97           1.00 f        -0.03  (VIOLATED)
   mesi_isc_broad/broad_fifo/data_o_reg_17_/D
                                0.97           1.00 f        -0.03  (VIOLATED)
   mesi_isc_broad/broad_fifo/data_o_reg_18_/D
                                0.97           1.00 f        -0.03  (VIOLATED)
   mesi_isc_broad/broad_fifo/data_o_reg_19_/D
                                0.97           1.00 f        -0.03  (VIOLATED)
   mesi_isc_broad/broad_fifo/data_o_reg_21_/D
                                0.97           1.00 f        -0.03  (VIOLATED)
   mesi_isc_broad/broad_fifo/data_o_reg_22_/D
                                0.97           1.00 f        -0.03  (VIOLATED)
   mesi_isc_broad/broad_fifo/data_o_reg_24_/D
                                0.97           1.00 f        -0.03  (VIOLATED)
   mesi_isc_broad/broad_fifo/data_o_reg_25_/D
                                0.97           1.00 f        -0.03  (VIOLATED)
   mesi_isc_broad/broad_fifo/data_o_reg_27_/D
                                0.97           1.00 f        -0.03  (VIOLATED)
   mesi_isc_broad/broad_fifo/data_o_reg_28_/D
                                0.97           1.00 f        -0.03  (VIOLATED)
   mesi_isc_broad/broad_fifo/data_o_reg_30_/D
                                0.97           1.00 f        -0.03  (VIOLATED)
   mesi_isc_broad/broad_fifo/data_o_reg_32_/D
                                0.97           1.00 f        -0.03  (VIOLATED)
   mesi_isc_broad/broad_fifo/data_o_reg_37_/D
                                0.97           1.00 f        -0.03  (VIOLATED)
   mesi_isc_broad/broad_fifo/data_o_reg_39_/D
                                0.97           1.00 f        -0.03  (VIOLATED)
   mesi_isc_broad/broad_fifo/data_o_reg_40_/D
                                0.97           1.00 f        -0.03  (VIOLATED)
   mesi_isc_breq_fifos/fifo_0/data_o_reg_8_/D
                                0.96           0.98 r        -0.03  (VIOLATED)
   mesi_isc_breq_fifos/fifo_2/data_o_reg_7_/D
                                0.96           0.98 r        -0.03  (VIOLATED)
   mesi_isc_breq_fifos/fifo_0/data_o_reg_18_/D
                                0.96           0.98 r        -0.03  (VIOLATED)
   mesi_isc_breq_fifos/fifo_0/data_o_reg_28_/D
                                0.96           0.98 r        -0.03  (VIOLATED)
   mesi_isc_breq_fifos/fifo_0/data_o_reg_36_/D
                                0.96           0.98 r        -0.03  (VIOLATED)
   mesi_isc_breq_fifos/fifo_0/data_o_reg_39_/D
                                0.96           0.98 r        -0.03  (VIOLATED)
   mesi_isc_breq_fifos/fifo_2/data_o_reg_40_/D
                                0.96           0.98 r        -0.02  (VIOLATED)
   mesi_isc_breq_fifos/fifo_0/data_o_reg_9_/D
                                0.96           0.98 r        -0.02  (VIOLATED)
   mesi_isc_breq_fifos/fifo_0/data_o_reg_15_/D
                                0.96           0.98 r        -0.02  (VIOLATED)
   mesi_isc_breq_fifos/fifo_0/data_o_reg_19_/D
                                0.96           0.98 r        -0.02  (VIOLATED)
   mesi_isc_breq_fifos/fifo_0/data_o_reg_27_/D
                                0.96           0.98 r        -0.02  (VIOLATED)
   mesi_isc_breq_fifos/fifo_0/data_o_reg_29_/D
                                0.96           0.98 r        -0.02  (VIOLATED)
   mesi_isc_breq_fifos/fifo_0/data_o_reg_33_/D
                                0.96           0.98 r        -0.02  (VIOLATED)
   mesi_isc_breq_fifos/fifo_0/data_o_reg_35_/D
                                0.96           0.98 r        -0.02  (VIOLATED)
   mesi_isc_breq_fifos/fifo_0/data_o_reg_37_/D
                                0.96           0.98 r        -0.02  (VIOLATED)
   mesi_isc_breq_fifos/fifo_2/data_o_reg_24_/D
                                0.96           0.98 r        -0.02  (VIOLATED)
   mesi_isc_broad/broad_fifo/data_o_reg_29_/D
                                0.98           0.98 f         0.00  (VIOLATED: increase significant digits)


   max_capacitance

                             Required        Actual
   Net                      Capacitance    Capacitance       Slack
   -----------------------------------------------------------------
   mesi_isc_broad/mesi_isc_broad_cntl/n6
                                8.00           8.19          -0.19  (VIOLATED)

   -----------------------------------------------------------------
   Total                      1                  -0.19  

   max_leakage_power

                             Required        Actual
   Design                   Leakage Power  Leakage Power     Slack
   -----------------------------------------------------------------
   mesi_isc                     0.00       525625504.00   -525625504.00
                                                                    (VIOLATED)


1
