 
****************************************
Report : constraint
        -all_violators
Design : ORCA_TOP
Version: V-2023.12-SP2
Date   : Sun May 19 19:50:47 2024
****************************************


   min_delay/hold ('v_PCI_CLK' group)

                             Required        Actual
   Endpoint                 Path Delay     Path Delay        Slack
   -----------------------------------------------------------------
   pad_out[12]                  1.50           0.87 f        -0.63  (VIOLATED)
   pad_out[3]                   1.50           0.88 f        -0.62  (VIOLATED)
   pad_out[7]                   1.50           0.89 f        -0.61  (VIOLATED)
   pad_out[4]                   1.50           0.89 f        -0.61  (VIOLATED)
   pad_out[10]                  1.50           0.90 f        -0.60  (VIOLATED)
   pad_out[2]                   1.50           0.90 f        -0.60  (VIOLATED)
   pad_out[6]                   1.50           0.90 f        -0.60  (VIOLATED)
   pad_out[27]                  1.50           0.90 f        -0.60  (VIOLATED)
   pad_out[19]                  1.50           0.90 f        -0.60  (VIOLATED)
   pad_out[8]                   1.50           0.90 f        -0.60  (VIOLATED)
   pad_out[1]                   1.50           0.90 f        -0.60  (VIOLATED)
   pad_out[11]                  1.50           0.91 f        -0.59  (VIOLATED)
   pad_out[0]                   1.50           0.91 f        -0.59  (VIOLATED)
   pad_out[16]                  1.50           0.91 f        -0.59  (VIOLATED)
   pad_out[14]                  1.50           0.92 f        -0.58  (VIOLATED)
   pad_out[5]                   1.50           0.93 f        -0.57  (VIOLATED)
   pad_out[20]                  1.50           1.00 f        -0.50  (VIOLATED)
   pad_out[18]                  1.50           1.01 f        -0.49  (VIOLATED)
   pad_out[29]                  1.50           1.05 f        -0.45  (VIOLATED)
   pad_out[25]                  1.50           1.05 f        -0.45  (VIOLATED)
   pad_out[21]                  1.50           1.06 f        -0.44  (VIOLATED)
   pad_out[26]                  1.50           1.06 f        -0.44  (VIOLATED)
   pad_out[23]                  1.50           1.06 f        -0.44  (VIOLATED)
   pad_out[17]                  1.50           1.10 f        -0.40  (VIOLATED)
   pad_out[15]                  1.50           1.11 f        -0.39  (VIOLATED)
   pad_out[13]                  1.50           1.14 f        -0.36  (VIOLATED)
   pad_out[9]                   1.50           1.14 f        -0.36  (VIOLATED)
   pad_out[28]                  1.50           1.20 f        -0.30  (VIOLATED)
   pad_out[22]                  1.50           1.20 f        -0.30  (VIOLATED)
   pad_out[31]                  1.50           1.33 f        -0.17  (VIOLATED)
   pad_out[30]                  1.50           1.33 f        -0.17  (VIOLATED)
   pad_out[24]                  1.50           1.34 f        -0.16  (VIOLATED)


   max_transition

                             Required        Actual
   Net                      Transition     Transition        Slack
   -----------------------------------------------------------------
   I_PCI_TOP/mult_x_28_n812     0.28           0.46          -0.18  (VIOLATED)
       PIN :   I_PCI_TOP/I_PCI_CORE_mega_shift_reg_6__31_/QN
                                0.28           0.46          -0.18  (VIOLATED)
   sd_BWS[1]                    0.31           0.48          -0.17  (VIOLATED)
       PIN :   I_SDRAM_TOP/I_SDRAM_IF/U459/SO
                                0.31           0.48          -0.17  (VIOLATED)
   sd_A[5]                      0.31           0.47          -0.16  (VIOLATED)
       PIN :   I_SDRAM_TOP/I_SDRAM_IF/U456/SO
                                0.31           0.47          -0.16  (VIOLATED)
   sd_BWS[0]                    0.31           0.47          -0.16  (VIOLATED)
       PIN :   I_SDRAM_TOP/I_SDRAM_IF/U460/SO
                                0.31           0.47          -0.16  (VIOLATED)
   sd_A[7]                      0.31           0.47          -0.16  (VIOLATED)
       PIN :   I_SDRAM_TOP/I_SDRAM_IF/U461/SO
                                0.31           0.47          -0.16  (VIOLATED)
   sd_A[8]                      0.31           0.46          -0.15  (VIOLATED)
       PIN :   I_SDRAM_TOP/I_SDRAM_IF/U454/SO
                                0.31           0.46          -0.15  (VIOLATED)
   sd_A[6]                      0.31           0.46          -0.15  (VIOLATED)
       PIN :   I_SDRAM_TOP/I_SDRAM_IF/U455/SO
                                0.31           0.46          -0.15  (VIOLATED)
   sd_RW                        0.31           0.46          -0.15  (VIOLATED)
       PIN :   I_SDRAM_TOP/I_SDRAM_IF/U458/SO
                                0.31           0.46          -0.15  (VIOLATED)
   sd_A[9]                      0.31           0.46          -0.15  (VIOLATED)
       PIN :   I_SDRAM_TOP/I_SDRAM_IF/U453/SO
                                0.31           0.46          -0.15  (VIOLATED)
   n658                         0.35           0.50          -0.15  (VIOLATED)
       PIN :   I_PCI_TOP/I_PCI_CORE_pad_out_buf_reg_22_/QN
                                0.35           0.50          -0.15  (VIOLATED)
   n652                         0.35           0.50          -0.15  (VIOLATED)
       PIN :   I_PCI_TOP/I_PCI_CORE_pad_out_buf_reg_28_/QN
                                0.35           0.50          -0.15  (VIOLATED)
   sd_LD                        0.31           0.46          -0.15  (VIOLATED)
       PIN :   I_SDRAM_TOP/I_SDRAM_IF/U457/SO
                                0.31           0.46          -0.15  (VIOLATED)
   I_PCI_TOP/n6720              0.34           0.49          -0.15  (VIOLATED)
       PIN :   I_PCI_TOP/U6757/CO
                                0.34           0.49          -0.15  (VIOLATED)
   net_context_cmd_0            0.31           0.45          -0.14  (VIOLATED)
       PIN :   I_PARSER/U797/Y
                                0.31           0.45          -0.14  (VIOLATED)
   n656                         0.35           0.49          -0.14  (VIOLATED)
       PIN :   I_PCI_TOP/I_PCI_CORE_pad_out_buf_reg_24_/QN
                                0.35           0.49          -0.14  (VIOLATED)
   n650                         0.35           0.48          -0.14  (VIOLATED)
       PIN :   I_PCI_TOP/I_PCI_CORE_pad_out_buf_reg_30_/QN
                                0.35           0.48          -0.14  (VIOLATED)
   I_PCI_TOP/n7443              0.33           0.46          -0.13  (VIOLATED)
       PIN :   I_PCI_TOP/U7409/Y
                                0.33           0.46          -0.13  (VIOLATED)
   n649                         0.35           0.48          -0.13  (VIOLATED)
       PIN :   I_PCI_TOP/I_PCI_CORE_pad_out_buf_reg_31_/QN
                                0.35           0.48          -0.13  (VIOLATED)
   net_context_cmd_1            0.31           0.44          -0.13  (VIOLATED)
       PIN :   I_PARSER/U673/Y
                                0.31           0.44          -0.13  (VIOLATED)
   I_PCI_TOP/I_PCI_CORE_N439
                                0.32           0.44          -0.12  (VIOLATED)
       PIN :   I_PCI_TOP/U9819/Y
                                0.32           0.44          -0.12  (VIOLATED)
   I_PCI_TOP/net_pci_read_data[4]
                                0.33           0.45          -0.12  (VIOLATED)
       PIN :   I_PCI_TOP/I_PCI_READ_FIFO_PCI_FIFO_RAM_2/I1[0]
                                0.50           0.57          -0.07  (VIOLATED)
       PIN :   I_PCI_TOP/U9658/Y
                                0.33           0.45          -0.12  (VIOLATED)
   I_PCI_TOP/net_pci_read_data[5]
                                0.33           0.45          -0.12  (VIOLATED)
       PIN :   I_PCI_TOP/I_PCI_READ_FIFO_PCI_FIFO_RAM_2/I1[1]
                                0.50           0.57          -0.07  (VIOLATED)
       PIN :   I_PCI_TOP/U9649/Y
                                0.33           0.45          -0.12  (VIOLATED)
   I_PCI_TOP/net_pci_read_data[6]
                                0.33           0.45          -0.11  (VIOLATED)
       PIN :   I_PCI_TOP/I_PCI_READ_FIFO_PCI_FIFO_RAM_2/I1[2]
                                0.50           0.56          -0.06  (VIOLATED)
       PIN :   I_PCI_TOP/U9638/Y
                                0.33           0.45          -0.11  (VIOLATED)
   sd_DQ_out[6]                 0.34           0.46          -0.11  (VIOLATED)
       PIN :   I_SDRAM_TOP/I_SDRAM_IF/U15574/Y
                                0.34           0.46          -0.11  (VIOLATED)
   sd_DQ_out[9]                 0.34           0.45          -0.11  (VIOLATED)
       PIN :   I_SDRAM_TOP/I_SDRAM_IF/U15571/Y
                                0.34           0.45          -0.11  (VIOLATED)
   sd_DQ_out[1]                 0.34           0.45          -0.11  (VIOLATED)
       PIN :   I_SDRAM_TOP/I_SDRAM_IF/U15579/Y
                                0.34           0.45          -0.11  (VIOLATED)
   I_PCI_TOP/n7391              0.33           0.44          -0.11  (VIOLATED)
       PIN :   I_PCI_TOP/U7391/Y
                                0.33           0.44          -0.11  (VIOLATED)
   sd_DQ_out[7]                 0.34           0.45          -0.10  (VIOLATED)
       PIN :   I_SDRAM_TOP/I_SDRAM_IF/U15573/Y
                                0.34           0.45          -0.10  (VIOLATED)
   I_PCI_TOP/net_pci_read_data[7]
                                0.33           0.44          -0.10  (VIOLATED)
       PIN :   I_PCI_TOP/I_PCI_READ_FIFO_PCI_FIFO_RAM_2/I1[3]
                                0.50           0.55          -0.05  (VIOLATED)
       PIN :   I_PCI_TOP/U9621/Y
                                0.33           0.44          -0.10  (VIOLATED)
   sd_DQ_out[25]                0.34           0.45          -0.10  (VIOLATED)
       PIN :   I_SDRAM_TOP/I_SDRAM_IF/U15555/Y
                                0.34           0.45          -0.10  (VIOLATED)
   I_PCI_TOP/I_PCI_CORE_N438
                                0.32           0.43          -0.10  (VIOLATED)
       PIN :   I_PCI_TOP/U9771/Y
                                0.32           0.43          -0.10  (VIOLATED)
   sd_DQ_out[13]                0.34           0.45          -0.10  (VIOLATED)
       PIN :   I_SDRAM_TOP/I_SDRAM_IF/U15567/Y
                                0.34           0.45          -0.10  (VIOLATED)
   I_PCI_TOP/n7529              0.25           0.35          -0.10  (VIOLATED)
       PIN :   I_PCI_TOP/U2773/Y
                                0.25           0.35          -0.10  (VIOLATED)
   sd_DQ_out[0]                 0.34           0.45          -0.10  (VIOLATED)
       PIN :   I_SDRAM_TOP/I_SDRAM_IF/U15580/Y
                                0.34           0.45          -0.10  (VIOLATED)
   sd_DQ_out[5]                 0.34           0.45          -0.10  (VIOLATED)
       PIN :   I_SDRAM_TOP/I_SDRAM_IF/U15575/Y
                                0.34           0.45          -0.10  (VIOLATED)
   sd_DQ_out[2]                 0.34           0.45          -0.10  (VIOLATED)
       PIN :   I_SDRAM_TOP/I_SDRAM_IF/U15578/Y
                                0.34           0.45          -0.10  (VIOLATED)
   sd_DQ_out[15]                0.34           0.45          -0.10  (VIOLATED)
       PIN :   I_SDRAM_TOP/I_SDRAM_IF/U15565/Y
                                0.34           0.45          -0.10  (VIOLATED)
   sd_DQ_out[16]                0.34           0.44          -0.10  (VIOLATED)
       PIN :   I_SDRAM_TOP/I_SDRAM_IF/U15564/Y
                                0.34           0.44          -0.10  (VIOLATED)
   sd_DQ_out[10]                0.34           0.44          -0.10  (VIOLATED)
       PIN :   I_SDRAM_TOP/I_SDRAM_IF/U15570/Y
                                0.34           0.44          -0.10  (VIOLATED)
   sd_DQ_out[18]                0.34           0.44          -0.10  (VIOLATED)
       PIN :   I_SDRAM_TOP/I_SDRAM_IF/U15562/Y
                                0.34           0.44          -0.10  (VIOLATED)
   sd_DQ_out[14]                0.34           0.44          -0.10  (VIOLATED)
       PIN :   I_SDRAM_TOP/I_SDRAM_IF/U15566/Y
                                0.34           0.44          -0.10  (VIOLATED)
   sd_DQ_out[22]                0.34           0.44          -0.10  (VIOLATED)
       PIN :   I_SDRAM_TOP/I_SDRAM_IF/U15558/Y
                                0.34           0.44          -0.10  (VIOLATED)
   sd_DQ_out[21]                0.34           0.44          -0.10  (VIOLATED)
       PIN :   I_SDRAM_TOP/I_SDRAM_IF/U15559/Y
                                0.34           0.44          -0.10  (VIOLATED)
   sd_DQ_out[8]                 0.34           0.44          -0.10  (VIOLATED)
       PIN :   I_SDRAM_TOP/I_SDRAM_IF/U15572/Y
                                0.34           0.44          -0.10  (VIOLATED)
   I_PCI_TOP/I_PCI_CORE_N442
                                0.32           0.42          -0.10  (VIOLATED)
       PIN :   I_PCI_TOP/U9915/Y
                                0.32           0.42          -0.10  (VIOLATED)
   I_PCI_TOP/I_PCI_CORE_N440
                                0.33           0.43          -0.10  (VIOLATED)
       PIN :   I_PCI_TOP/U9856/Y
                                0.33           0.43          -0.10  (VIOLATED)
   sd_DQ_out[3]                 0.34           0.44          -0.10  (VIOLATED)
       PIN :   I_SDRAM_TOP/I_SDRAM_IF/U15577/Y
                                0.34           0.44          -0.10  (VIOLATED)
   sd_DQ_out[30]                0.34           0.44          -0.10  (VIOLATED)
       PIN :   I_SDRAM_TOP/I_SDRAM_IF/U15550/Y
                                0.34           0.44          -0.10  (VIOLATED)
   sd_DQ_out[12]                0.34           0.44          -0.10  (VIOLATED)
       PIN :   I_SDRAM_TOP/I_SDRAM_IF/U15568/Y
                                0.34           0.44          -0.10  (VIOLATED)
   sd_DQ_out[4]                 0.34           0.44          -0.10  (VIOLATED)
       PIN :   I_SDRAM_TOP/I_SDRAM_IF/U15576/Y
                                0.34           0.44          -0.10  (VIOLATED)
   sd_DQ_out[19]                0.34           0.44          -0.10  (VIOLATED)
       PIN :   I_SDRAM_TOP/I_SDRAM_IF/U15561/Y
                                0.34           0.44          -0.10  (VIOLATED)
   sd_DQ_out[23]                0.34           0.44          -0.10  (VIOLATED)
       PIN :   I_SDRAM_TOP/I_SDRAM_IF/U15557/Y
                                0.34           0.44          -0.10  (VIOLATED)
   I_PCI_TOP/I_PCI_CORE_N436
                                0.32           0.42          -0.10  (VIOLATED)
       PIN :   I_PCI_TOP/U9720/Y
                                0.32           0.42          -0.10  (VIOLATED)
   sd_DQ_out[20]                0.34           0.44          -0.10  (VIOLATED)
       PIN :   I_SDRAM_TOP/I_SDRAM_IF/U15560/Y
                                0.34           0.44          -0.10  (VIOLATED)
   sd_DQ_out[24]                0.34           0.44          -0.09  (VIOLATED)
       PIN :   I_SDRAM_TOP/I_SDRAM_IF/U15556/Y
                                0.34           0.44          -0.09  (VIOLATED)
   sd_DQ_out[17]                0.34           0.44          -0.09  (VIOLATED)
       PIN :   I_SDRAM_TOP/I_SDRAM_IF/U15563/Y
                                0.34           0.44          -0.09  (VIOLATED)
   sd_DQ_out[29]                0.34           0.44          -0.09  (VIOLATED)
       PIN :   I_SDRAM_TOP/I_SDRAM_IF/U15551/Y
                                0.34           0.44          -0.09  (VIOLATED)
   sd_DQ_out[28]                0.34           0.44          -0.09  (VIOLATED)
       PIN :   I_SDRAM_TOP/I_SDRAM_IF/U15552/Y
                                0.34           0.44          -0.09  (VIOLATED)
   sd_DQ_out[31]                0.34           0.44          -0.09  (VIOLATED)
       PIN :   I_SDRAM_TOP/I_SDRAM_IF/U15549/Y
                                0.34           0.44          -0.09  (VIOLATED)
   sd_DQ_out[11]                0.34           0.44          -0.09  (VIOLATED)
       PIN :   I_SDRAM_TOP/I_SDRAM_IF/U15569/Y
                                0.34           0.44          -0.09  (VIOLATED)
   sd_DQ_out[27]                0.34           0.44          -0.09  (VIOLATED)
       PIN :   I_SDRAM_TOP/I_SDRAM_IF/U15553/Y
                                0.34           0.44          -0.09  (VIOLATED)
   sd_DQ_out[26]                0.34           0.44          -0.09  (VIOLATED)
       PIN :   I_SDRAM_TOP/I_SDRAM_IF/U15554/Y
                                0.34           0.44          -0.09  (VIOLATED)
   I_BLENDER_1/s5_result_10_
                                0.31           0.40          -0.09  (VIOLATED)
       PIN :   I_BLENDER_1/U3729/SO
                                0.31           0.40          -0.09  (VIOLATED)
   I_PCI_TOP/n8560              0.34           0.43          -0.09  (VIOLATED)
       PIN :   I_PCI_TOP/U8464/CO
                                0.34           0.43          -0.09  (VIOLATED)
   I_BLENDER_1/n1228            0.31           0.40          -0.09  (VIOLATED)
       PIN :   I_BLENDER_1/U5836/SO
                                0.31           0.40          -0.09  (VIOLATED)
   I_PCI_TOP/I_PCI_CORE_N437
                                0.33           0.42          -0.09  (VIOLATED)
       PIN :   I_PCI_TOP/U9749/Y
                                0.33           0.42          -0.09  (VIOLATED)
   n671                         0.35           0.44          -0.09  (VIOLATED)
       PIN :   I_PCI_TOP/I_PCI_CORE_pad_out_buf_reg_9_/QN
                                0.35           0.44          -0.09  (VIOLATED)
   n667                         0.35           0.43          -0.08  (VIOLATED)
       PIN :   I_PCI_TOP/I_PCI_CORE_pad_out_buf_reg_13_/QN
                                0.35           0.43          -0.08  (VIOLATED)
   I_PCI_TOP/I_PCI_CORE_N441
                                0.33           0.41          -0.08  (VIOLATED)
       PIN :   I_PCI_TOP/U9895/Y
                                0.33           0.41          -0.08  (VIOLATED)
   I_BLENDER_1/n1153            0.31           0.39          -0.08  (VIOLATED)
       PIN :   I_BLENDER_1/U3738/SO
                                0.31           0.39          -0.08  (VIOLATED)
   I_PCI_TOP/n7370              0.34           0.41          -0.07  (VIOLATED)
       PIN :   I_PCI_TOP/U7355/CO
                                0.34           0.41          -0.07  (VIOLATED)
   I_BLENDER_1/n1147            0.31           0.38          -0.07  (VIOLATED)
       PIN :   I_BLENDER_1/U3734/SO
                                0.31           0.38          -0.07  (VIOLATED)
   I_PCI_TOP/mult_x_28_n818     0.28           0.35          -0.06  (VIOLATED)
       PIN :   I_PCI_TOP/I_PCI_CORE_mega_shift_reg_6__25_/QN
                                0.28           0.35          -0.06  (VIOLATED)
   I_BLENDER_1/n1222            0.31           0.37          -0.06  (VIOLATED)
       PIN :   I_BLENDER_1/U5830/SO
                                0.31           0.37          -0.06  (VIOLATED)
   I_PCI_TOP/n7390              0.31           0.36          -0.06  (VIOLATED)
       PIN :   I_PCI_TOP/U7392/S
                                0.31           0.36          -0.06  (VIOLATED)
   I_PCI_TOP/n7410              0.36           0.42          -0.06  (VIOLATED)
       PIN :   I_PCI_TOP/U7360/CO
                                0.36           0.42          -0.06  (VIOLATED)
   I_PCI_TOP/n7398              0.31           0.36          -0.06  (VIOLATED)
       PIN :   I_PCI_TOP/U7363/S
                                0.31           0.36          -0.06  (VIOLATED)
   n665                         0.35           0.41          -0.06  (VIOLATED)
       PIN :   I_PCI_TOP/I_PCI_CORE_pad_out_buf_reg_15_/QN
                                0.35           0.41          -0.06  (VIOLATED)
   n663                         0.35           0.40          -0.05  (VIOLATED)
       PIN :   I_PCI_TOP/I_PCI_CORE_pad_out_buf_reg_17_/QN
                                0.35           0.40          -0.05  (VIOLATED)
   I_BLENDER_1/n1224            0.31           0.36          -0.05  (VIOLATED)
       PIN :   I_BLENDER_1/U5824/SO
                                0.31           0.36          -0.05  (VIOLATED)
   I_PCI_TOP/net_pci_read_data[1]
                                0.33           0.38          -0.05  (VIOLATED)
       PIN :   I_PCI_TOP/U9644/Y
                                0.33           0.38          -0.05  (VIOLATED)
   I_PCI_TOP/n8553              0.34           0.39          -0.05  (VIOLATED)
       PIN :   I_PCI_TOP/U8477/CO
                                0.34           0.39          -0.05  (VIOLATED)
   I_PCI_TOP/n7405              0.36           0.40          -0.05  (VIOLATED)
       PIN :   I_PCI_TOP/U7363/CO
                                0.36           0.40          -0.05  (VIOLATED)
   I_BLENDER_0/mega_shift_2__30_
                                0.26           0.31          -0.05  (VIOLATED)
       PIN :   I_BLENDER_0/mega_shift_reg_2__30_/Q
                                0.26           0.31          -0.05  (VIOLATED)
   I_PCI_TOP/n7423              0.36           0.40          -0.05  (VIOLATED)
       PIN :   I_PCI_TOP/U7402/CO
                                0.36           0.40          -0.05  (VIOLATED)
   I_PCI_TOP/net_pci_read_data[2]
                                0.33           0.38          -0.04  (VIOLATED)
       PIN :   I_PCI_TOP/U9643/Y
                                0.33           0.38          -0.04  (VIOLATED)
   I_PCI_TOP/net_pci_read_data[0]
                                0.33           0.38          -0.04  (VIOLATED)
       PIN :   I_PCI_TOP/U9655/Y
                                0.33           0.38          -0.04  (VIOLATED)
   I_SDRAM_TOP/I_SDRAM_READ_FIFO_SD_FIFO_CTL_wr_addr_gray[5]
                                0.25           0.30          -0.04  (VIOLATED)
       PIN :   I_SDRAM_TOP/I_SDRAM_READ_FIFO_SD_FIFO_CTL_U1_this_addr_g_int_reg_5_/Q
                                0.25           0.30          -0.04  (VIOLATED)
   I_PCI_TOP/n10081             0.26           0.30          -0.04  (VIOLATED)
       PIN :   I_PCI_TOP/U7333/Y
                                0.26           0.30          -0.04  (VIOLATED)
   I_PCI_TOP/net_pci_read_data[3]
                                0.33           0.37          -0.04  (VIOLATED)
       PIN :   I_PCI_TOP/U9620/Y
                                0.33           0.37          -0.04  (VIOLATED)
   pad_out[22]                  0.31           0.35          -0.04  (VIOLATED)
       PIN :   U497/Y           0.31           0.35          -0.04  (VIOLATED)
   pad_out[28]                  0.31           0.35          -0.04  (VIOLATED)
       PIN :   U406/Y           0.31           0.35          -0.04  (VIOLATED)
   pad_out[13]                  0.31           0.34          -0.04  (VIOLATED)
       PIN :   U546/Y           0.31           0.34          -0.04  (VIOLATED)
   pad_out[9]                   0.31           0.34          -0.04  (VIOLATED)
       PIN :   U544/Y           0.31           0.34          -0.04  (VIOLATED)
   n1348                        0.35           0.38          -0.04  (VIOLATED)
       PIN :   I_PCI_TOP/R_690/QN
                                0.35           0.38          -0.04  (VIOLATED)
   I_RISC_CORE/n1827            0.20           0.23          -0.03  (VIOLATED)
       PIN :   I_RISC_CORE/I_INSTRN_LAT_Crnt_Instrn_2_reg_3_/Q
                                0.20           0.23          -0.03  (VIOLATED)
   pad_out[15]                  0.31           0.34          -0.03  (VIOLATED)
       PIN :   U541/Y           0.31           0.34          -0.03  (VIOLATED)
   pad_out[17]                  0.31           0.34          -0.03  (VIOLATED)
       PIN :   U539/Y           0.31           0.34          -0.03  (VIOLATED)
   I_RISC_CORE/n1826            0.20           0.23          -0.03  (VIOLATED)
       PIN :   I_RISC_CORE/I_INSTRN_LAT_Crnt_Instrn_2_reg_4_/Q
                                0.20           0.23          -0.03  (VIOLATED)
   I_RISC_CORE/n1828            0.20           0.23          -0.03  (VIOLATED)
       PIN :   I_RISC_CORE/I_INSTRN_LAT_Crnt_Instrn_2_reg_2_/Q
                                0.20           0.23          -0.03  (VIOLATED)
   I_PCI_TOP/n559               0.33           0.36          -0.03  (VIOLATED)
       PIN :   I_PCI_TOP/U9647/Y
                                0.33           0.36          -0.03  (VIOLATED)
   pad_out[24]                  0.31           0.34          -0.03  (VIOLATED)
       PIN :   U404/Y           0.31           0.34          -0.03  (VIOLATED)
   pack_n                       0.31           0.34          -0.03  (VIOLATED)
       PIN :   U548/Y           0.31           0.34          -0.03  (VIOLATED)
   pad_out[30]                  0.31           0.34          -0.03  (VIOLATED)
       PIN :   U400/Y           0.31           0.34          -0.03  (VIOLATED)
   pad_out[5]                   0.31           0.34          -0.03  (VIOLATED)
       PIN :   U547/Y           0.31           0.34          -0.03  (VIOLATED)
   pad_out[31]                  0.31           0.34          -0.03  (VIOLATED)
       PIN :   U399/Y           0.31           0.34          -0.03  (VIOLATED)
   pad_out[18]                  0.31           0.34          -0.03  (VIOLATED)
       PIN :   U538/Y           0.31           0.34          -0.03  (VIOLATED)
   pad_out[20]                  0.31           0.34          -0.03  (VIOLATED)
       PIN :   U537/Y           0.31           0.34          -0.03  (VIOLATED)
   pad_out[14]                  0.31           0.34          -0.03  (VIOLATED)
       PIN :   U521/Y           0.31           0.34          -0.03  (VIOLATED)
   pad_out[16]                  0.31           0.34          -0.03  (VIOLATED)
       PIN :   U540/Y           0.31           0.34          -0.03  (VIOLATED)
   pad_out[27]                  0.31           0.34          -0.03  (VIOLATED)
       PIN :   U530/Y           0.31           0.34          -0.03  (VIOLATED)
   pad_out[2]                   0.31           0.34          -0.03  (VIOLATED)
       PIN :   U516/Y           0.31           0.34          -0.03  (VIOLATED)
   pad_out[29]                  0.31           0.34          -0.03  (VIOLATED)
       PIN :   U528/Y           0.31           0.34          -0.03  (VIOLATED)
   pad_out[12]                  0.31           0.34          -0.03  (VIOLATED)
       PIN :   U545/Y           0.31           0.34          -0.03  (VIOLATED)
   pad_out[10]                  0.31           0.34          -0.03  (VIOLATED)
       PIN :   U517/Y           0.31           0.34          -0.03  (VIOLATED)
   pad_out[7]                   0.31           0.34          -0.03  (VIOLATED)
       PIN :   U520/Y           0.31           0.34          -0.03  (VIOLATED)
   pad_out[3]                   0.31           0.34          -0.03  (VIOLATED)
       PIN :   U542/Y           0.31           0.34          -0.03  (VIOLATED)
   pad_out[0]                   0.31           0.34          -0.03  (VIOLATED)
       PIN :   U525/Y           0.31           0.34          -0.03  (VIOLATED)
   pad_out[25]                  0.31           0.34          -0.03  (VIOLATED)
       PIN :   U532/Y           0.31           0.34          -0.03  (VIOLATED)
   pad_out[19]                  0.31           0.34          -0.03  (VIOLATED)
       PIN :   U522/Y           0.31           0.34          -0.03  (VIOLATED)
   pad_out[21]                  0.31           0.34          -0.03  (VIOLATED)
       PIN :   U536/Y           0.31           0.34          -0.03  (VIOLATED)
   pad_out[4]                   0.31           0.34          -0.03  (VIOLATED)
       PIN :   U543/Y           0.31           0.34          -0.03  (VIOLATED)
   pad_out[8]                   0.31           0.34          -0.03  (VIOLATED)
       PIN :   U523/Y           0.31           0.34          -0.03  (VIOLATED)
   pad_out[11]                  0.31           0.34          -0.03  (VIOLATED)
       PIN :   U518/Y           0.31           0.34          -0.03  (VIOLATED)
   pad_out[26]                  0.31           0.34          -0.03  (VIOLATED)
       PIN :   U531/Y           0.31           0.34          -0.03  (VIOLATED)
   pad_out[6]                   0.31           0.34          -0.03  (VIOLATED)
       PIN :   U519/Y           0.31           0.34          -0.03  (VIOLATED)
   pad_out[23]                  0.31           0.34          -0.03  (VIOLATED)
       PIN :   U534/Y           0.31           0.34          -0.03  (VIOLATED)
   pad_out[1]                   0.31           0.34          -0.03  (VIOLATED)
       PIN :   U524/Y           0.31           0.34          -0.03  (VIOLATED)
   I_PCI_TOP/mult_x_30_n816     0.28           0.31          -0.03  (VIOLATED)
       PIN :   I_PCI_TOP/I_PCI_CORE_mega_shift_reg_8__27_/QN
                                0.28           0.31          -0.03  (VIOLATED)
   preq_n                       0.31           0.34          -0.03  (VIOLATED)
       PIN :   U187/Y           0.31           0.34          -0.03  (VIOLATED)
   pserr_n_out                  0.31           0.34          -0.03  (VIOLATED)
       PIN :   U188/Y           0.31           0.34          -0.03  (VIOLATED)
   ppar_en                      0.31           0.34          -0.03  (VIOLATED)
       PIN :   U189/Y           0.31           0.34          -0.03  (VIOLATED)
   I_PCI_TOP/n558               0.33           0.36          -0.03  (VIOLATED)
       PIN :   I_PCI_TOP/U9653/Y
                                0.33           0.36          -0.03  (VIOLATED)
   I_PCI_TOP/net_pci_read_data_15
                                0.33           0.36          -0.03  (VIOLATED)
       PIN :   I_PCI_TOP/U9634/Y
                                0.33           0.36          -0.03  (VIOLATED)
   I_PCI_TOP/n6896              0.31           0.33          -0.03  (VIOLATED)
       PIN :   I_PCI_TOP/U6929/S
                                0.31           0.33          -0.03  (VIOLATED)
   I_BLENDER_0/n3081            0.24           0.27          -0.03  (VIOLATED)
       PIN :   I_BLENDER_0/R_139/Q
                                0.24           0.27          -0.03  (VIOLATED)
   I_PCI_TOP/net_pci_read_data_14
                                0.33           0.36          -0.02  (VIOLATED)
       PIN :   I_PCI_TOP/U9641/Y
                                0.33           0.36          -0.02  (VIOLATED)
   n1346                        0.35           0.37          -0.02  (VIOLATED)
       PIN :   I_PCI_TOP/R_691/QN
                                0.35           0.37          -0.02  (VIOLATED)
   I_PCI_TOP/mult_x_28_n815     0.28           0.31          -0.02  (VIOLATED)
       PIN :   I_PCI_TOP/I_PCI_CORE_mega_shift_reg_6__28_/QN
                                0.28           0.31          -0.02  (VIOLATED)
   I_PCI_TOP/mult_x_23_n799     0.30           0.32          -0.02  (VIOLATED)
       PIN :   I_PCI_TOP/I_PCI_CORE_mega_shift_reg_1__12_/QN
                                0.30           0.32          -0.02  (VIOLATED)
   I_BLENDER_1/N1343            0.34           0.37          -0.02  (VIOLATED)
       PIN :   I_BLENDER_1/U5617/Y
                                0.34           0.37          -0.02  (VIOLATED)
   I_PCI_TOP/n6912              0.36           0.38          -0.02  (VIOLATED)
       PIN :   I_PCI_TOP/U6946/CO
                                0.36           0.38          -0.02  (VIOLATED)
   I_BLENDER_1/N1347            0.34           0.36          -0.02  (VIOLATED)
       PIN :   I_BLENDER_1/U5625/Y
                                0.34           0.36          -0.02  (VIOLATED)
   I_PCI_TOP/n6901              0.36           0.37          -0.02  (VIOLATED)
       PIN :   I_PCI_TOP/U6976/CO
                                0.36           0.37          -0.02  (VIOLATED)
   I_BLENDER_1/n1502            0.24           0.26          -0.02  (VIOLATED)
       PIN :   I_BLENDER_1/R_270/Q
                                0.24           0.26          -0.02  (VIOLATED)
   I_PCI_TOP/n7362              0.34           0.36          -0.01  (VIOLATED)
       PIN :   I_PCI_TOP/U7373/Y
                                0.34           0.36          -0.01  (VIOLATED)
   I_PCI_TOP/n7062              0.34           0.35          -0.01  (VIOLATED)
       PIN :   I_PCI_TOP/U8019/CO
                                0.34           0.35          -0.01  (VIOLATED)
   I_BLENDER_1/s2_op2[10]       0.25           0.27          -0.01  (VIOLATED)
       PIN :   I_BLENDER_1/R_148/Q
                                0.25           0.27          -0.01  (VIOLATED)
   I_BLENDER_1/n4725            0.24           0.25          -0.01  (VIOLATED)
       PIN :   I_BLENDER_1/R_749/Q
                                0.24           0.25          -0.01  (VIOLATED)
   I_PCI_TOP/I_PCI_CORE_N246
                                0.32           0.33          -0.01  (VIOLATED)
       PIN :   I_PCI_TOP/U9780/Y
                                0.32           0.33          -0.01  (VIOLATED)
   I_BLENDER_1/N1331            0.34           0.35          -0.01  (VIOLATED)
       PIN :   I_BLENDER_1/U5029/Y
                                0.34           0.35          -0.01  (VIOLATED)
   I_PCI_TOP/n6943              0.31           0.31          -0.01  (VIOLATED)
       PIN :   I_PCI_TOP/U6946/S
                                0.31           0.31          -0.01  (VIOLATED)
   I_PCI_TOP/n12473             0.30           0.31          -0.01  (VIOLATED)
       PIN :   I_PCI_TOP/U7949/Y
                                0.30           0.31          -0.01  (VIOLATED)
   I_PCI_TOP/n3384              0.34           0.35          -0.01  (VIOLATED)
       PIN :   I_PCI_TOP/U3167/CO
                                0.34           0.35          -0.01  (VIOLATED)
   I_PCI_TOP/I_PCI_CORE_N250
                                0.32           0.33           0.00  (VIOLATED: increase significant digits)
   I_SDRAM_TOP/I_SDRAM_WRITE_FIFO_rd_addr_3_
                                0.25           0.26           0.00  (VIOLATED: increase significant digits)
   I_PCI_TOP/n6721              0.33           0.33           0.00  (VIOLATED: increase significant digits)
   I_BLENDER_1/s3_op2[23]       0.24           0.24           0.00  (VIOLATED: increase significant digits)
   net_blender_result_0__30_
                                0.35           0.35           0.00  (VIOLATED: increase significant digits)
   I_RISC_CORE/n1555            0.11           0.11           0.00  (VIOLATED: increase significant digits)
   I_PCI_TOP/mult_x_23_n812     0.30           0.30           0.00  (VIOLATED: increase significant digits)
   I_RISC_CORE/Oprnd_A[1]       0.09           0.09           0.00  (VIOLATED: increase significant digits)
   I_RISC_CORE/Oprnd_B[12]      0.09           0.09           0.00  (VIOLATED: increase significant digits)
   I_SDRAM_TOP/I_SDRAM_READ_FIFO_SD_FIFO_CTL_wr_addr_gray[4]
                                0.25           0.26           0.00  (VIOLATED: increase significant digits)
   net_blender_result_0__22_
                                0.35           0.35           0.00  (VIOLATED: increase significant digits)
   I_RISC_CORE/n397             0.09           0.09           0.00  (VIOLATED: increase significant digits)
   I_BLENDER_0/s3_op2_28        0.25           0.25           0.00  (VIOLATED: increase significant digits)
   I_SDRAM_TOP/I_SDRAM_READ_FIFO_SD_FIFO_CTL_U2_count_6_
                                0.25           0.25           0.00  (VIOLATED: increase significant digits)
   I_BLENDER_1/s3_op2[29]       0.25           0.25           0.00  (VIOLATED: increase significant digits)
   net_parser_sd_rfifo_pop      0.25           0.25           0.00  (VIOLATED: increase significant digits)
   I_BLENDER_1/n878             0.28           0.28           0.00  (VIOLATED: increase significant digits)
   I_PCI_TOP/mult_x_23_n811     0.30           0.30           0.00  (VIOLATED: increase significant digits)
   I_BLENDER_1/n1105            0.24           0.24           0.00  (VIOLATED: increase significant digits)
   I_PCI_TOP/mult_x_30_n796     0.30           0.30           0.00  (VIOLATED: increase significant digits)
   I_PCI_TOP/mult_x_30_n799     0.30           0.30           0.00  (VIOLATED: increase significant digits)
   I_BLENDER_1/s2_op1_10        0.25           0.25           0.00  (VIOLATED: increase significant digits)

   -----------------------------------------------------------------
   Total                      176               -10.60  

   max_capacitance

                             Required        Actual
   Net                      Capacitance    Capacitance       Slack
   -----------------------------------------------------------------
   pad_out[5]                  64.00         100.17         -36.17  (VIOLATED)
   pad_out[16]                 64.00         100.17         -36.17  (VIOLATED)
   pad_out[27]                 64.00         100.17         -36.17  (VIOLATED)
   preq_n                      64.00         100.17         -36.17  (VIOLATED)
   pad_out[2]                  64.00         100.16         -36.16  (VIOLATED)
   pad_out[13]                 64.00         100.16         -36.16  (VIOLATED)
   pad_out[24]                 64.00         100.16         -36.16  (VIOLATED)
   pad_out[8]                  64.00         100.15         -36.15  (VIOLATED)
   pad_out[19]                 64.00         100.15         -36.15  (VIOLATED)
   pad_out[30]                 64.00         100.15         -36.15  (VIOLATED)
   pack_n                      64.00         100.15         -36.15  (VIOLATED)
   pad_out[10]                 64.00         100.15         -36.15  (VIOLATED)
   pad_out[21]                 64.00         100.15         -36.15  (VIOLATED)
   pad_out[0]                  64.00         100.14         -36.14  (VIOLATED)
   pad_out[11]                 64.00         100.14         -36.14  (VIOLATED)
   pad_out[22]                 64.00         100.14         -36.14  (VIOLATED)
   pserr_n_out                 64.00         100.14         -36.14  (VIOLATED)
   pad_out[7]                  64.00         100.14         -36.14  (VIOLATED)
   pad_out[18]                 64.00         100.14         -36.14  (VIOLATED)
   pad_out[29]                 64.00         100.14         -36.14  (VIOLATED)
   ppar_en                     64.00         100.14         -36.14  (VIOLATED)
   pad_out[3]                  64.00         100.13         -36.13  (VIOLATED)
   pad_out[14]                 64.00         100.13         -36.13  (VIOLATED)
   pad_out[25]                 64.00         100.13         -36.13  (VIOLATED)
   pad_out[4]                  64.00         100.13         -36.13  (VIOLATED)
   pad_out[15]                 64.00         100.13         -36.13  (VIOLATED)
   pad_out[26]                 64.00         100.13         -36.13  (VIOLATED)
   pad_out[6]                  64.00         100.12         -36.12  (VIOLATED)
   pad_out[17]                 64.00         100.12         -36.12  (VIOLATED)
   pad_out[28]                 64.00         100.12         -36.12  (VIOLATED)
   pad_out[1]                  64.00         100.11         -36.11  (VIOLATED)
   pad_out[12]                 64.00         100.11         -36.11  (VIOLATED)
   pad_out[23]                 64.00         100.11         -36.11  (VIOLATED)
   pad_out[9]                  64.00         100.10         -36.10  (VIOLATED)
   pad_out[20]                 64.00         100.10         -36.10  (VIOLATED)
   pad_out[31]                 64.00         100.10         -36.10  (VIOLATED)
   I_RISC_CORE/n1827           16.00          51.10         -35.10  (VIOLATED)
   I_RISC_CORE/n1826           16.00          50.81         -34.81  (VIOLATED)
   I_RISC_CORE/n1828           16.00          50.67         -34.67  (VIOLATED)
   I_RISC_CORE/n1825           16.00          41.39         -25.39  (VIOLATED)
   sd_BWS[1]                   16.00          34.26         -18.26  (VIOLATED)
   sd_A[5]                     16.00          33.73         -17.73  (VIOLATED)
   sd_BWS[0]                   16.00          33.32         -17.32  (VIOLATED)
   sd_A[7]                     16.00          33.29         -17.29  (VIOLATED)
   sd_A[8]                     16.00          33.13         -17.13  (VIOLATED)
   sd_A[6]                     16.00          32.97         -16.97  (VIOLATED)
   sd_RW                       16.00          32.92         -16.92  (VIOLATED)
   sd_A[9]                     16.00          32.88         -16.88  (VIOLATED)
   sd_LD                       16.00          32.67         -16.67  (VIOLATED)
   net_context_cmd_0           16.00          31.33         -15.33  (VIOLATED)
   I_PCI_TOP/I_PCI_CORE_N439
                               16.00          30.75         -14.75  (VIOLATED)
   I_PCI_TOP/net_pci_read_data[4]
                               16.00          30.36         -14.36  (VIOLATED)
   I_PCI_TOP/net_pci_read_data[5]
                               16.00          30.27         -14.27  (VIOLATED)
   net_context_cmd_1           16.00          30.10         -14.10  (VIOLATED)
   I_PCI_TOP/net_pci_read_data[6]
                               16.00          30.04         -14.04  (VIOLATED)
   I_PCI_TOP/I_PCI_CORE_N440
                               16.00          30.01         -14.01  (VIOLATED)
   I_PCI_TOP/I_PCI_CORE_N438
                               16.00          29.63         -13.63  (VIOLATED)
   I_PCI_TOP/net_pci_read_data[7]
                               16.00          29.27         -13.27  (VIOLATED)
   sd_DQ_out[6]                16.00          29.27         -13.27  (VIOLATED)
   n658                        16.00          29.19         -13.19  (VIOLATED)
   n652                        16.00          29.13         -13.13  (VIOLATED)
   I_PCI_TOP/I_PCI_CORE_N437
                               16.00          29.06         -13.06  (VIOLATED)
   I_PCI_TOP/I_PCI_CORE_N442
                               16.00          29.04         -13.04  (VIOLATED)
   sd_DQ_out[9]                16.00          29.00         -13.00  (VIOLATED)
   I_PCI_TOP/I_PCI_CORE_N436
                               16.00          28.91         -12.91  (VIOLATED)
   sd_DQ_out[1]                16.00          28.83         -12.83  (VIOLATED)
   I_PCI_TOP/I_PCI_CORE_N441
                               16.00          28.77         -12.77  (VIOLATED)
   sd_DQ_out[7]                16.00          28.65         -12.65  (VIOLATED)
   sd_DQ_out[25]               16.00          28.50         -12.50  (VIOLATED)
   sd_DQ_out[13]               16.00          28.49         -12.49  (VIOLATED)
   sd_DQ_out[0]                16.00          28.29         -12.29  (VIOLATED)
   sd_DQ_out[5]                16.00          28.28         -12.28  (VIOLATED)
   sd_DQ_out[2]                16.00          28.28         -12.28  (VIOLATED)
   sd_DQ_out[15]               16.00          28.25         -12.25  (VIOLATED)
   sd_DQ_out[18]               16.00          28.22         -12.22  (VIOLATED)
   sd_DQ_out[10]               16.00          28.20         -12.20  (VIOLATED)
   sd_DQ_out[16]               16.00          28.20         -12.20  (VIOLATED)
   sd_DQ_out[14]               16.00          28.19         -12.19  (VIOLATED)
   sd_DQ_out[22]               16.00          28.17         -12.17  (VIOLATED)
   n656                        16.00          28.09         -12.09  (VIOLATED)
   n650                        16.00          28.03         -12.03  (VIOLATED)
   sd_DQ_out[21]               16.00          28.01         -12.01  (VIOLATED)
   sd_DQ_out[3]                16.00          28.00         -12.00  (VIOLATED)
   sd_DQ_out[30]               16.00          28.00         -12.00  (VIOLATED)
   sd_DQ_out[8]                16.00          27.97         -11.97  (VIOLATED)
   sd_DQ_out[19]               16.00          27.90         -11.90  (VIOLATED)
   sd_DQ_out[12]               16.00          27.89         -11.89  (VIOLATED)
   sd_DQ_out[23]               16.00          27.88         -11.88  (VIOLATED)
   sd_DQ_out[4]                16.00          27.87         -11.87  (VIOLATED)
   I_PCI_TOP/n7443             16.00          27.77         -11.77  (VIOLATED)
   sd_DQ_out[20]               16.00          27.77         -11.77  (VIOLATED)
   I_BLENDER_1/s5_result_10_
                               16.00          27.75         -11.75  (VIOLATED)
   sd_DQ_out[24]               16.00          27.67         -11.67  (VIOLATED)
   sd_DQ_out[17]               16.00          27.67         -11.67  (VIOLATED)
   I_BLENDER_1/n1228           16.00          27.64         -11.64  (VIOLATED)
   sd_DQ_out[29]               16.00          27.62         -11.62  (VIOLATED)
   sd_DQ_out[28]               16.00          27.60         -11.60  (VIOLATED)
   sd_DQ_out[11]               16.00          27.57         -11.57  (VIOLATED)
   sd_DQ_out[31]               16.00          27.57         -11.57  (VIOLATED)
   n649                        16.00          27.55         -11.55  (VIOLATED)
   sd_DQ_out[27]               16.00          27.46         -11.46  (VIOLATED)
   sd_DQ_out[26]               16.00          27.41         -11.41  (VIOLATED)
   I_BLENDER_1/n1153           16.00          27.16         -11.16  (VIOLATED)
   I_BLENDER_1/n1147           16.00          26.07         -10.07  (VIOLATED)
   I_PCI_TOP/n7391             16.00          25.58          -9.58  (VIOLATED)
   I_BLENDER_1/n1222           16.00          25.55          -9.55  (VIOLATED)
   I_PCI_TOP/net_pci_read_data[1]
                               16.00          24.85          -8.85  (VIOLATED)
   I_PCI_TOP/n7529             16.00          24.51          -8.51  (VIOLATED)
   I_BLENDER_1/n1224           16.00          24.45          -8.45  (VIOLATED)
   I_PCI_TOP/n7410             16.00          24.42          -8.42  (VIOLATED)
   I_PCI_TOP/net_pci_read_data[0]
                               16.00          24.39          -8.39  (VIOLATED)
   I_PCI_TOP/net_pci_read_data[2]
                               16.00          24.38          -8.38  (VIOLATED)
   I_PCI_TOP/net_pci_read_data[3]
                               16.00          24.05          -8.05  (VIOLATED)
   I_PCI_TOP/n7390             16.00          23.78          -7.78  (VIOLATED)
   I_PCI_TOP/n7398             16.00          23.70          -7.70  (VIOLATED)
   I_PCI_TOP/n7405             16.00          23.46          -7.46  (VIOLATED)
   I_PCI_TOP/n6720              8.00          15.43          -7.43  (VIOLATED)
   n671                        16.00          23.43          -7.43  (VIOLATED)
   I_PCI_TOP/n7423             16.00          23.41          -7.41  (VIOLATED)
   I_PCI_TOP/n559              16.00          23.41          -7.41  (VIOLATED)
   n667                        16.00          23.11          -7.11  (VIOLATED)
   I_PCI_TOP/n558              16.00          23.06          -7.06  (VIOLATED)
   I_PCI_TOP/net_pci_read_data_15
                               16.00          22.98          -6.98  (VIOLATED)
   I_PCI_TOP/net_pci_read_data_14
                               16.00          22.86          -6.86  (VIOLATED)
   I_PCI_TOP/mult_x_28_n812     8.00          14.45          -6.45  (VIOLATED)
   I_PCI_TOP/I_PCI_CORE_N246
                               16.00          21.69          -5.69  (VIOLATED)
   I_BLENDER_1/N1343           16.00          21.59          -5.59  (VIOLATED)
   I_BLENDER_1/N1347           16.00          21.36          -5.36  (VIOLATED)
   I_PCI_TOP/n8560              8.00          13.29          -5.29  (VIOLATED)
   I_BLENDER_0/mega_shift_2__30_
                               16.00          21.29          -5.29  (VIOLATED)
   I_PCI_TOP/n6912             16.00          21.23          -5.23  (VIOLATED)
   I_PCI_TOP/I_PCI_CORE_N250
                               16.00          21.17          -5.17  (VIOLATED)
   I_PCI_TOP/n6901             16.00          21.04          -5.04  (VIOLATED)
   I_PCI_TOP/n7362             16.00          20.79          -4.79  (VIOLATED)
   n665                        16.00          20.79          -4.79  (VIOLATED)
   I_BLENDER_1/N1331           16.00          20.75          -4.75  (VIOLATED)
   I_PCI_TOP/n6896             16.00          20.67          -4.67  (VIOLATED)
   I_PCI_TOP/n7370              8.00          12.53          -4.53  (VIOLATED)
   n663                        16.00          20.27          -4.27  (VIOLATED)
   I_BLENDER_1/n4061           16.00          19.93          -3.93  (VIOLATED)
   I_PCI_TOP/n8553              8.00          11.64          -3.64  (VIOLATED)
   I_PCI_TOP/n10081            16.00          19.54          -3.54  (VIOLATED)
   I_PCI_TOP/n6943             16.00          19.36          -3.36  (VIOLATED)
   n1348                       16.00          19.12          -3.12  (VIOLATED)
   I_PCI_TOP/mult_x_28_n818     8.00          10.45          -2.45  (VIOLATED)
   I_PCI_TOP/n7062              8.00          10.24          -2.24  (VIOLATED)
   n1346                       16.00          18.08          -2.08  (VIOLATED)
   I_PCI_TOP/n3384              8.00           9.94          -1.94  (VIOLATED)
   I_SDRAM_TOP/I_SDRAM_READ_FIFO_SD_FIFO_CTL_wr_addr_gray[5]
                                8.00           9.93          -1.93  (VIOLATED)
   I_PCI_TOP/n12473             8.00           9.91          -1.91  (VIOLATED)
   I_PCI_TOP/n7402             16.00          17.79          -1.79  (VIOLATED)
   I_PCI_TOP/mult_x_30_n816     8.00           9.00          -1.00  (VIOLATED)
   I_BLENDER_1/n4066           16.00          16.98          -0.98  (VIOLATED)
   I_PCI_TOP/n7061              8.00           8.85          -0.85  (VIOLATED)
   I_PCI_TOP/mult_x_28_n815     8.00           8.83          -0.83  (VIOLATED)
   I_RISC_CORE/n933             8.00           8.70          -0.70  (VIOLATED)
   I_PCI_TOP/n6721             16.00          16.32          -0.32  (VIOLATED)
   I_PCI_TOP/n7059              8.00           8.29          -0.29  (VIOLATED)
   net_blender_result_0__30_
                               16.00          16.20          -0.20  (VIOLATED)
   I_SDRAM_TOP/I_SDRAM_READ_FIFO_SD_FIFO_CTL_wr_addr_gray[4]
                                8.00           8.19          -0.19  (VIOLATED)
   I_RISC_CORE/n1555            8.00           8.14          -0.14  (VIOLATED)
   I_RISC_CORE/n397             8.00           8.14          -0.14  (VIOLATED)
   net_blender_result_0__22_
                               16.00          16.11          -0.11  (VIOLATED)
   I_RISC_CORE/n1815           16.00          16.07          -0.07  (VIOLATED)
   I_BLENDER_1/N737             8.00           8.01          -0.01  (VIOLATED)

   -----------------------------------------------------------------
   Total                      165             -2544.17  

   max_leakage_power

                             Required        Actual
   Design                   Leakage Power  Leakage Power     Slack
   -----------------------------------------------------------------
   ORCA_TOP                     0.00       605918592.00   -605918592.00
                                                                    (VIOLATED)


1
